V3 3
FL /home/lab661/Documents/xdvora1x/Digital-electronics-1/Labs/02-ise/comparator/top.vhd 2020/02/12.11:57:44 P.20131013
EN work/top 1581506540 \
      FL /home/lab661/Documents/xdvora1x/Digital-electronics-1/Labs/02-ise/comparator/top.vhd \
      PB ieee/std_logic_1164 1381692176
AR work/top/Behavioral 1581506541 \
      FL /home/lab661/Documents/xdvora1x/Digital-electronics-1/Labs/02-ise/comparator/top.vhd \
      EN work/top 1581506540
